---
# Source: camunda-platform/charts/optimize/templates/serviceaccount.yaml
apiVersion: v1
kind: ServiceAccount
metadata:
  name: camunda-platform-test-optimize
  labels:
    app: camunda-platform
    app.kubernetes.io/name: optimize
    app.kubernetes.io/instance: camunda-platform-test
    app.kubernetes.io/managed-by: Helm
    app.kubernetes.io/part-of: camunda-platform
    app.kubernetes.io/version: "3.9.1"
    app.kubernetes.io/component: optimize